// Code generated by protoc-gen-go. DO NOT EDIT.
// versions:
// 	protoc-gen-go v1.28.1
// 	protoc        v3.20.1
// source: github.com/containerd/containerd/api/types/metrics.proto

package types
